app/scenario_app/app_api/src/app_peripheral/app_spi_m.c:20:13:app_spi_m0_callback_fun_rx	0	static
app/scenario_app/app_api/src/app_peripheral/app_spi_m.c:27:13:app_spi_m0_callback_fun_tx	0	static
app/scenario_app/app_api/src/app_peripheral/app_spi_m.c:34:13:app_spi_m0_callback_fun_err	0	static
app/scenario_app/app_api/src/app_peripheral/app_spi_m.c:40:13:app_spi_m1_callback_fun_rx	0	static
app/scenario_app/app_api/src/app_peripheral/app_spi_m.c:47:13:app_spi_m1_callback_fun_tx	0	static
app/scenario_app/app_api/src/app_peripheral/app_spi_m.c:60:13:app_spi_m2_callback_fun_rx	0	static
app/scenario_app/app_api/src/app_peripheral/app_spi_m.c:67:13:app_spi_m2_callback_fun_tx	0	static
app/scenario_app/app_api/src/app_peripheral/app_spi_m.c:80:13:app_spi_m0_cb_fun_rx	0	static
app/scenario_app/app_api/src/app_peripheral/app_spi_m.c:88:13:app_spi_m0_cb_fun_tx	0	static
app/scenario_app/app_api/src/app_peripheral/app_spi_m.c:96:13:app_spi_m1_cb_fun_rx	0	static
app/scenario_app/app_api/src/app_peripheral/app_spi_m.c:104:13:app_spi_m1_cb_fun_tx	0	static
app/scenario_app/app_api/src/app_peripheral/app_spi_m.c:112:13:app_spi_m2_cb_fun_rx	0	static
app/scenario_app/app_api/src/app_peripheral/app_spi_m.c:120:13:app_spi_m2_cb_fun_tx	0	static
app/scenario_app/app_api/src/app_peripheral/app_spi_m.c:74:13:app_spi_m2_callback_fun_err	0	static
app/scenario_app/app_api/src/app_peripheral/app_spi_m.c:54:13:app_spi_m1_callback_fun_err	0	static
app/scenario_app/app_api/src/app_peripheral/app_spi_m.c:128:8:app_spi_m_open	24	static
app/scenario_app/app_api/src/app_peripheral/app_spi_m.c:177:8:app_spi_m_close	8	static
app/scenario_app/app_api/src/app_peripheral/app_spi_m.c:187:8:app_spi_m_write	56	static
app/scenario_app/app_api/src/app_peripheral/app_spi_m.c:282:8:app_spi_m_read	40	static
