app/scenario_app/app_api/src/app_datapath.c:263:13:app_dp_cb	32	static
app/scenario_app/app_api/src/app_datapath.c:449:8:app_sensor_init	16	static
app/scenario_app/app_api/src/app_datapath.c:488:8:app_dp_init	16	static
app/scenario_app/app_api/src/app_datapath.c:544:8:app_dp_get_frame	72	static
app/scenario_app/app_api/src/app_datapath.c:579:8:app_dp_decode_jpeg	48	static
app/scenario_app/app_api/src/app_datapath.c:633:8:app_dp_encode_jpeg	88	static
app/scenario_app/app_api/src/app_datapath.c:705:8:app_dp_jpeg_raw_cfg	96	static
app/scenario_app/app_api/src/app_datapath.c:768:8:app_dp_capture_frame	16	static
app/scenario_app/app_api/src/app_datapath.c:793:8:app_dp_jpeg_cfg	96	static
app/scenario_app/app_api/src/app_datapath.c:852:8:app_dp_capture_jpeg_frame	16	static
app/scenario_app/app_api/src/app_datapath.c:876:8:app_dp_raw_cfg	24	static
app/scenario_app/app_api/src/app_datapath.c:903:8:app_dp_capture_raw_frame	32	static
app/scenario_app/app_api/src/app_datapath.c:916:8:app_dp_raw_yuv_cfg	48	static
app/scenario_app/app_api/src/app_datapath.c:963:8:app_dp_capture_raw_yuv_frame	16	static
app/scenario_app/app_api/src/app_datapath.c:986:8:app_dp_capture_frame_with_cdm	192	static
app/scenario_app/app_api/src/app_datapath.c:1105:8:app_dp_get_def_init_cfg	12	static
app/scenario_app/app_api/src/app_datapath.c:1148:8:app_dp_get_def_cap_settings	8	static
app/scenario_app/app_api/src/app_datapath.c:1164:8:app_dp_get_def_dec_jpeg_settings	4	static
app/scenario_app/app_api/src/app_datapath.c:1176:8:app_dp_get_def_enc_jpeg_settings	4	static
