app/scenario_app/app_api/src/app_flash.c:29:7:pat_type_string	0	static
app/scenario_app/app_api/src/app_flash.c:116:5:flash_read_memory_descriptor	4	static
app/scenario_app/app_api/src/app_flash.c:176:5:flash_parse_memory_desriptor_sections	24	static
app/scenario_app/app_api/src/app_flash.c:345:5:get_flash_info_index	0	static
app/scenario_app/app_api/src/app_flash.c:369:6:Flash_Lock	0	static
app/scenario_app/app_api/src/app_flash.c:379:6:Flash_UnLock	0	static
app/scenario_app/app_api/src/app_flash.c:390:6:flash_enable_XIP	8	static
app/scenario_app/app_api/src/app_flash.c:405:6:flash_disable_XIP	8	static
app/scenario_app/app_api/src/app_flash.c:421:5:flash_read	16	static
app/scenario_app/app_api/src/app_flash.c:497:5:flash_read_secure_cert	16	static
app/scenario_app/app_api/src/app_flash.c:579:5:flash_erase	24	static
app/scenario_app/app_api/src/app_flash.c:620:5:flash_write	40	static
app/scenario_app/app_api/src/app_flash.c:702:6:flash_init	16	static
app/scenario_app/app_api/src/app_flash.c:748:6:flash_deinit	8	static
