
============================================================
Frame 1 @ 17:24:46.830
============================================================

[PC Model] 0 detections:

[Board FW] 2 detections:
  FW[0]: x=160, y=80, w=9, h=7, score=50.00%
  FW[1]: x=150, y=84, w=8, h=6, score=50.00%

============================================================
Frame 4 @ 17:24:49.066
============================================================

[PC Model] 3 detections:
  PC[0]: x=86, y=178, w=64, h=64, score=100.00%
  PC[1]: x=93, y=171, w=52, h=51, score=92.84%
  PC[2]: x=92, y=173, w=51, h=52, score=92.84%

[Board FW] 1 detections:
  FW[0]: x=149, y=124, w=8, h=6, score=50.00%

[Compare] Top detection:
  PC: (86, 178) size=(64x64)
  FW: (149, 124) size=(8x6)
  Delta: dx=63, dy=-54

============================================================
Frame 5 @ 17:24:49.973
============================================================

[PC Model] 1 detections:
  PC[0]: x=84, y=148, w=49, h=49, score=92.84%

[Board FW] 2 detections:
  FW[0]: x=143, y=63, w=11, h=8, score=50.00%
  FW[1]: x=133, y=69, w=11, h=8, score=50.00%

[Compare] Top detection:
  PC: (84, 148) size=(49x49)
  FW: (143, 63) size=(11x8)
  Delta: dx=59, dy=-85

============================================================
Frame 9 @ 17:24:53.234
============================================================

[PC Model] 3 detections:
  PC[0]: x=94, y=119, w=39, h=39, score=99.41%
  PC[1]: x=96, y=119, w=34, h=34, score=92.84%
  PC[2]: x=95, y=118, w=36, h=36, score=92.84%

[Board FW] 2 detections:
  FW[0]: x=147, y=91, w=8, h=6, score=92.00%
  FW[1]: x=152, y=85, w=8, h=6, score=92.00%

[Compare] Top detection:
  PC: (94, 119) size=(39x39)
  FW: (147, 91) size=(8x6)
  Delta: dx=53, dy=-28

============================================================
Frame 10 @ 17:24:54.101
============================================================

[PC Model] 3 detections:
  PC[0]: x=110, y=116, w=27, h=27, score=99.41%
  PC[1]: x=110, y=116, w=27, h=27, score=99.41%
  PC[2]: x=109, y=114, w=29, h=28, score=92.84%

[Board FW] 2 detections:
  FW[0]: x=127, y=81, w=15, h=11, score=50.00%
  FW[1]: x=150, y=105, w=8, h=6, score=92.00%

[Compare] Top detection:
  PC: (110, 116) size=(27x27)
  FW: (127, 81) size=(15x11)
  Delta: dx=17, dy=-35

============================================================
Frame 11 @ 17:24:54.974
============================================================

[PC Model] 3 detections:
  PC[0]: x=108, y=114, w=34, h=35, score=99.41%
  PC[1]: x=105, y=112, w=37, h=37, score=92.84%
  PC[2]: x=108, y=115, w=33, h=33, score=92.84%

[Board FW] 2 detections:
  FW[0]: x=162, y=72, w=12, h=9, score=50.00%
  FW[1]: x=151, y=76, w=12, h=9, score=50.00%

[Compare] Top detection:
  PC: (108, 114) size=(34x35)
  FW: (162, 72) size=(12x9)
  Delta: dx=54, dy=-42

============================================================
Frame 12 @ 17:24:55.853
============================================================

[PC Model] 3 detections:
  PC[0]: x=107, y=116, w=35, h=35, score=92.84%
  PC[1]: x=106, y=118, w=39, h=39, score=92.84%
  PC[2]: x=105, y=120, w=40, h=39, score=92.84%

[Board FW] 2 detections:
  FW[0]: x=172, y=81, w=9, h=7, score=50.00%
  FW[1]: x=152, y=85, w=8, h=6, score=50.00%

[Compare] Top detection:
  PC: (107, 116) size=(35x35)
  FW: (172, 81) size=(9x7)
  Delta: dx=65, dy=-35

============================================================
Frame 13 @ 17:24:56.724
============================================================

[PC Model] 3 detections:
  PC[0]: x=107, y=116, w=33, h=33, score=99.41%
  PC[1]: x=105, y=115, w=33, h=33, score=92.84%
  PC[2]: x=107, y=115, w=33, h=33, score=92.84%

[Board FW] 2 detections:
  FW[0]: x=162, y=72, w=11, h=8, score=50.00%
  FW[1]: x=150, y=75, w=11, h=8, score=50.00%

[Compare] Top detection:
  PC: (107, 116) size=(33x33)
  FW: (162, 72) size=(11x8)
  Delta: dx=55, dy=-44

============================================================
Frame 14 @ 17:24:57.597
============================================================

[PC Model] 3 detections:
  PC[0]: x=108, y=115, w=33, h=33, score=99.41%
  PC[1]: x=106, y=113, w=35, h=35, score=92.84%
  PC[2]: x=108, y=116, w=31, h=31, score=92.84%

[Board FW] 2 detections:
  FW[0]: x=194, y=83, w=9, h=7, score=50.00%
  FW[1]: x=202, y=76, w=9, h=7, score=50.00%

[Compare] Top detection:
  PC: (108, 115) size=(33x33)
  FW: (194, 83) size=(9x7)
  Delta: dx=86, dy=-32

============================================================
Frame 15 @ 17:24:58.474
============================================================

[PC Model] 3 detections:
  PC[0]: x=183, y=81, w=30, h=30, score=92.84%
  PC[1]: x=184, y=80, w=30, h=30, score=92.84%
  PC[2]: x=182, y=83, w=29, h=28, score=92.84%

[Board FW] 2 detections:
  FW[0]: x=87, y=102, w=11, h=8, score=50.00%
  FW[1]: x=91, y=93, w=12, h=9, score=50.00%

[Compare] Top detection:
  PC: (183, 81) size=(30x30)
  FW: (87, 102) size=(11x8)
  Delta: dx=-96, dy=21

============================================================
Frame 17 @ 17:25:00.229
============================================================

[PC Model] 3 detections:
  PC[0]: x=168, y=83, w=35, h=35, score=92.84%
  PC[1]: x=169, y=83, w=35, h=35, score=92.84%
  PC[2]: x=164, y=85, w=38, h=38, score=92.84%

[Board FW] 2 detections:
  FW[0]: x=115, y=117, w=7, h=5, score=92.00%
  FW[1]: x=123, y=110, w=8, h=6, score=92.00%

[Compare] Top detection:
  PC: (168, 83) size=(35x35)
  FW: (115, 117) size=(7x5)
  Delta: dx=-53, dy=34

============================================================
Frame 21 @ 17:25:03.354
============================================================

[PC Model] 0 detections:

[Board FW] 2 detections:
  FW[0]: x=174, y=105, w=7, h=5, score=92.00%
  FW[1]: x=154, y=108, w=7, h=5, score=92.00%

============================================================
Frame 22 @ 17:25:04.249
============================================================

[PC Model] 3 detections:
  PC[0]: x=102, y=92, w=36, h=36, score=92.84%
  PC[1]: x=101, y=91, w=38, h=38, score=92.84%
  PC[2]: x=100, y=94, w=38, h=39, score=92.84%

[Board FW] 2 detections:
  FW[0]: x=160, y=90, w=7, h=5, score=92.00%
  FW[1]: x=148, y=94, w=7, h=5, score=92.00%

[Compare] Top detection:
  PC: (102, 92) size=(36x36)
  FW: (160, 90) size=(7x5)
  Delta: dx=58, dy=-2

============================================================
Frame 23 @ 17:25:05.172
============================================================

[PC Model] 3 detections:
  PC[0]: x=90, y=104, w=59, h=59, score=100.00%
  PC[1]: x=90, y=103, w=48, h=48, score=99.41%
  PC[2]: x=92, y=104, w=45, h=46, score=92.84%

[Board FW] 2 detections:
  FW[0]: x=124, y=111, w=9, h=7, score=92.00%
  FW[1]: x=113, y=117, w=8, h=6, score=92.00%

[Compare] Top detection:
  PC: (90, 104) size=(59x59)
  FW: (124, 111) size=(9x7)
  Delta: dx=34, dy=7

============================================================
Frame 24 @ 17:25:06.043
============================================================

[PC Model] 3 detections:
  PC[0]: x=86, y=105, w=45, h=44, score=92.84%
  PC[1]: x=88, y=106, w=46, h=47, score=92.84%
  PC[2]: x=88, y=108, w=48, h=47, score=92.84%

[Board FW] 2 detections:
  FW[0]: x=170, y=72, w=12, h=9, score=50.00%
  FW[1]: x=96, y=45, w=39, h=29, score=50.00%

[Compare] Top detection:
  PC: (86, 105) size=(45x44)
  FW: (170, 72) size=(12x9)
  Delta: dx=84, dy=-33

============================================================
Frame 25 @ 17:25:06.979
============================================================

[PC Model] 2 detections:
  PC[0]: x=66, y=101, w=51, h=52, score=92.84%
  PC[1]: x=68, y=102, w=51, h=52, score=92.84%

[Board FW] 2 detections:
  FW[0]: x=172, y=76, w=9, h=7, score=92.00%
  FW[1]: x=162, y=80, w=8, h=6, score=92.00%

[Compare] Top detection:
  PC: (66, 101) size=(51x52)
  FW: (172, 76) size=(9x7)
  Delta: dx=106, dy=-25

============================================================
Frame 26 @ 17:25:07.857
============================================================

[PC Model] 3 detections:
  PC[0]: x=34, y=125, w=61, h=62, score=100.00%
  PC[1]: x=35, y=123, w=62, h=62, score=100.00%
  PC[2]: x=35, y=126, w=62, h=62, score=100.00%

[Board FW] 2 detections:
  FW[0]: x=150, y=48, w=15, h=11, score=50.00%
  FW[1]: x=139, y=51, w=17, h=12, score=50.00%

[Compare] Top detection:
  PC: (34, 125) size=(61x62)
  FW: (150, 48) size=(15x11)
  Delta: dx=116, dy=-77

============================================================
Frame 27 @ 17:25:08.384
============================================================

[PC Model] 3 detections:
  PC[0]: x=29, y=138, w=64, h=64, score=100.00%
  PC[1]: x=26, y=137, w=70, h=70, score=100.00%
  PC[2]: x=29, y=141, w=65, h=65, score=100.00%

[Board FW] 1 detections:
  FW[0]: x=148, y=124, w=9, h=7, score=50.00%

[Compare] Top detection:
  PC: (29, 138) size=(64x64)
  FW: (148, 124) size=(9x7)
  Delta: dx=119, dy=-14

============================================================
Frame 28 @ 17:25:09.289
============================================================

[PC Model] 3 detections:
  PC[0]: x=30, y=132, w=67, h=66, score=100.00%
  PC[1]: x=30, y=135, w=67, h=67, score=100.00%
  PC[2]: x=29, y=134, w=69, h=69, score=100.00%

[Board FW] 2 detections:
  FW[0]: x=192, y=81, w=9, h=7, score=92.00%
  FW[1]: x=181, y=86, w=9, h=7, score=92.00%

[Compare] Top detection:
  PC: (30, 132) size=(67x66)
  FW: (192, 81) size=(9x7)
  Delta: dx=162, dy=-51

============================================================
Frame 29 @ 17:25:09.935
============================================================

[PC Model] 3 detections:
  PC[0]: x=28, y=130, w=71, h=71, score=100.00%
  PC[1]: x=29, y=129, w=73, h=73, score=100.00%
  PC[2]: x=30, y=129, w=73, h=73, score=100.00%

[Board FW] 2 detections:
  FW[0]: x=118, y=86, w=9, h=7, score=50.00%
  FW[1]: x=139, y=72, w=11, h=8, score=50.00%

[Compare] Top detection:
  PC: (28, 130) size=(71x71)
  FW: (118, 86) size=(9x7)
  Delta: dx=90, dy=-44

============================================================
Frame 30 @ 17:25:10.861
============================================================

[PC Model] 3 detections:
  PC[0]: x=32, y=137, w=68, h=68, score=100.00%
  PC[1]: x=32, y=138, w=67, h=68, score=100.00%
  PC[2]: x=31, y=143, w=67, h=67, score=100.00%

[Board FW] 2 detections:
  FW[0]: x=127, y=92, w=9, h=7, score=50.00%
  FW[1]: x=128, y=82, w=15, h=11, score=50.00%

[Compare] Top detection:
  PC: (32, 137) size=(68x68)
  FW: (127, 92) size=(9x7)
  Delta: dx=95, dy=-45

============================================================
Frame 31 @ 17:25:11.549
============================================================

[PC Model] 3 detections:
  PC[0]: x=34, y=142, w=68, h=69, score=100.00%
  PC[1]: x=34, y=146, w=68, h=68, score=100.00%
  PC[2]: x=34, y=143, w=75, h=74, score=100.00%

[Board FW] 2 detections:
  FW[0]: x=160, y=120, w=7, h=5, score=50.00%
  FW[1]: x=150, y=124, w=7, h=5, score=50.00%

[Compare] Top detection:
  PC: (34, 142) size=(68x69)
  FW: (160, 120) size=(7x5)
  Delta: dx=126, dy=-22

============================================================
Frame 33 @ 17:25:13.369
============================================================

[PC Model] 1 detections:
  PC[0]: x=118, y=101, w=7, h=7, score=92.84%

[Board FW] 2 detections:
  FW[0]: x=105, y=81, w=14, h=10, score=50.00%
  FW[1]: x=170, y=74, w=11, h=8, score=50.00%

[Compare] Top detection:
  PC: (118, 101) size=(7x7)
  FW: (105, 81) size=(14x10)
  Delta: dx=-13, dy=-20
