
============================================================
Frame 1 @ 17:38:25.787
============================================================

[PC Model] 0 detections:

[Board FW] 2 detections:
  FW[0]: x=117, y=40, w=114, h=85, score=50.00%
  FW[1]: x=100, y=71, w=85, h=64, score=92.00%

============================================================
Frame 2 @ 17:38:26.683
============================================================

[PC Model] 3 detections:
  PC[0]: x=98, y=202, w=41, h=41, score=99.41%
  PC[1]: x=99, y=203, w=40, h=40, score=99.41%
  PC[2]: x=100, y=205, w=40, h=40, score=99.41%

[Board FW] 2 detections:
  FW[0]: x=83, y=75, w=85, h=64, score=50.00%
  FW[1]: x=133, y=45, w=99, h=74, score=92.00%

[Compare] Top detection:
  PC: (98, 202) size=(41x41)
  FW: (83, 75) size=(85x64)
  Delta: dx=-15, dy=-127

============================================================
Frame 3 @ 17:38:27.614
============================================================

[PC Model] 3 detections:
  PC[0]: x=117, y=210, w=36, h=37, score=99.41%
  PC[1]: x=118, y=210, w=36, h=35, score=99.41%
  PC[2]: x=119, y=214, w=36, h=36, score=99.41%

[Board FW] 2 detections:
  FW[0]: x=126, y=76, w=71, h=53, score=50.00%
  FW[1]: x=156, y=65, w=71, h=53, score=50.00%

[Compare] Top detection:
  PC: (117, 210) size=(36x37)
  FW: (126, 76) size=(71x53)
  Delta: dx=9, dy=-134

============================================================
Frame 4 @ 17:38:28.480
============================================================

[PC Model] 2 detections:
  PC[0]: x=121, y=213, w=34, h=34, score=92.84%
  PC[1]: x=122, y=214, w=35, h=36, score=92.84%

[Board FW] 2 detections:
  FW[0]: x=160, y=70, w=71, h=53, score=92.00%
  FW[1]: x=82, y=49, w=99, h=74, score=92.00%

[Compare] Top detection:
  PC: (121, 213) size=(34x34)
  FW: (160, 70) size=(71x53)
  Delta: dx=39, dy=-143

============================================================
Frame 5 @ 17:38:29.358
============================================================

[PC Model] 3 detections:
  PC[0]: x=117, y=208, w=36, h=37, score=99.41%
  PC[1]: x=117, y=207, w=34, h=34, score=92.84%
  PC[2]: x=117, y=206, w=36, h=36, score=92.84%

[Board FW] 2 detections:
  FW[0]: x=147, y=70, w=57, h=42, score=50.00%
  FW[1]: x=116, y=46, w=99, h=74, score=92.00%

[Compare] Top detection:
  PC: (117, 208) size=(36x37)
  FW: (147, 70) size=(57x42)
  Delta: dx=30, dy=-138

============================================================
Frame 6 @ 17:38:30.235
============================================================

[PC Model] 3 detections:
  PC[0]: x=117, y=204, w=36, h=36, score=92.84%
  PC[1]: x=117, y=206, w=36, h=36, score=92.84%
  PC[2]: x=120, y=207, w=34, h=34, score=92.84%

[Board FW] 2 detections:
  FW[0]: x=89, y=41, w=99, h=74, score=50.00%
  FW[1]: x=79, y=70, w=99, h=74, score=92.00%

[Compare] Top detection:
  PC: (117, 204) size=(36x36)
  FW: (89, 41) size=(99x74)
  Delta: dx=-28, dy=-163

============================================================
Frame 7 @ 17:38:31.116
============================================================

[PC Model] 3 detections:
  PC[0]: x=116, y=204, w=36, h=36, score=99.41%
  PC[1]: x=117, y=206, w=36, h=36, score=99.41%
  PC[2]: x=117, y=206, w=36, h=36, score=99.41%

[Board FW] 2 detections:
  FW[0]: x=92, y=54, w=99, h=74, score=50.00%
  FW[1]: x=136, y=50, w=99, h=74, score=50.00%

[Compare] Top detection:
  PC: (116, 204) size=(36x36)
  FW: (92, 54) size=(99x74)
  Delta: dx=-24, dy=-150

============================================================
Frame 8 @ 17:38:31.982
============================================================

[PC Model] 3 detections:
  PC[0]: x=117, y=202, w=38, h=37, score=99.41%
  PC[1]: x=118, y=201, w=36, h=37, score=92.84%
  PC[2]: x=117, y=203, w=38, h=38, score=92.84%

[Board FW] 2 detections:
  FW[0]: x=130, y=68, w=71, h=53, score=50.00%
  FW[1]: x=79, y=37, w=114, h=85, score=50.00%

[Compare] Top detection:
  PC: (117, 202) size=(38x37)
  FW: (130, 68) size=(71x53)
  Delta: dx=13, dy=-134

============================================================
Frame 9 @ 17:38:32.858
============================================================

[PC Model] 3 detections:
  PC[0]: x=120, y=208, w=37, h=37, score=99.41%
  PC[1]: x=118, y=204, w=36, h=36, score=92.84%
  PC[2]: x=117, y=204, w=38, h=38, score=92.84%

[Board FW] 2 detections:
  FW[0]: x=137, y=62, w=71, h=53, score=50.00%
  FW[1]: x=86, y=29, w=142, h=106, score=50.00%

[Compare] Top detection:
  PC: (120, 208) size=(37x37)
  FW: (137, 62) size=(71x53)
  Delta: dx=17, dy=-146

============================================================
Frame 10 @ 17:38:33.319
============================================================

[PC Model] 3 detections:
  PC[0]: x=118, y=200, w=40, h=39, score=99.41%
  PC[1]: x=122, y=202, w=35, h=35, score=99.41%
  PC[2]: x=122, y=204, w=37, h=38, score=99.41%

[Board FW] 1 detections:
  FW[0]: x=100, y=45, w=114, h=85, score=50.00%

[Compare] Top detection:
  PC: (118, 200) size=(40x39)
  FW: (100, 45) size=(114x85)
  Delta: dx=-18, dy=-155

============================================================
Frame 11 @ 17:38:34.239
============================================================

[PC Model] 3 detections:
  PC[0]: x=120, y=202, w=37, h=37, score=92.84%
  PC[1]: x=122, y=205, w=35, h=34, score=92.84%
  PC[2]: x=122, y=205, w=35, h=34, score=92.84%

[Board FW] 2 detections:
  FW[0]: x=126, y=38, w=99, h=74, score=50.00%
  FW[1]: x=109, y=80, w=71, h=53, score=92.00%

[Compare] Top detection:
  PC: (120, 202) size=(37x37)
  FW: (126, 38) size=(99x74)
  Delta: dx=6, dy=-164

============================================================
Frame 12 @ 17:38:35.104
============================================================

[PC Model] 3 detections:
  PC[0]: x=124, y=204, w=36, h=36, score=99.41%
  PC[1]: x=124, y=203, w=35, h=35, score=92.84%
  PC[2]: x=125, y=205, w=36, h=36, score=92.84%

[Board FW] 2 detections:
  FW[0]: x=137, y=64, w=71, h=53, score=50.00%
  FW[1]: x=112, y=37, w=114, h=85, score=50.00%

[Compare] Top detection:
  PC: (124, 204) size=(36x36)
  FW: (137, 64) size=(71x53)
  Delta: dx=13, dy=-140

============================================================
Frame 13 @ 17:38:35.990
============================================================

[PC Model] 3 detections:
  PC[0]: x=158, y=195, w=33, h=33, score=92.84%
  PC[1]: x=160, y=195, w=33, h=33, score=92.84%
  PC[2]: x=160, y=197, w=32, h=32, score=92.84%

[Board FW] 2 detections:
  FW[0]: x=135, y=45, w=85, h=64, score=50.00%
  FW[1]: x=83, y=43, w=99, h=74, score=50.00%

[Compare] Top detection:
  PC: (158, 195) size=(33x33)
  FW: (135, 45) size=(85x64)
  Delta: dx=-23, dy=-150

============================================================
Frame 15 @ 17:38:37.741
============================================================

[PC Model] 3 detections:
  PC[0]: x=186, y=217, w=40, h=40, score=99.41%
  PC[1]: x=182, y=214, w=43, h=43, score=92.84%
  PC[2]: x=189, y=218, w=38, h=37, score=92.84%

[Board FW] 2 detections:
  FW[0]: x=57, y=44, w=114, h=85, score=50.00%
  FW[1]: x=79, y=77, w=99, h=74, score=92.00%

[Compare] Top detection:
  PC: (186, 217) size=(40x40)
  FW: (57, 44) size=(114x85)
  Delta: dx=-129, dy=-173

============================================================
Frame 16 @ 17:38:38.191
============================================================

[PC Model] 2 detections:
  PC[0]: x=188, y=214, w=36, h=36, score=92.84%
  PC[1]: x=193, y=218, w=32, h=32, score=92.84%

[Board FW] 1 detections:
  FW[0]: x=127, y=95, w=71, h=53, score=50.00%

[Compare] Top detection:
  PC: (188, 214) size=(36x36)
  FW: (127, 95) size=(71x53)
  Delta: dx=-61, dy=-119

============================================================
Frame 17 @ 17:38:39.109
============================================================

[PC Model] 3 detections:
  PC[0]: x=180, y=205, w=36, h=36, score=92.84%
  PC[1]: x=181, y=208, w=36, h=37, score=92.84%
  PC[2]: x=181, y=209, w=38, h=37, score=92.84%

[Board FW] 2 detections:
  FW[0]: x=136, y=47, w=85, h=64, score=92.00%
  FW[1]: x=95, y=59, w=85, h=64, score=99.00%

[Compare] Top detection:
  PC: (180, 205) size=(36x36)
  FW: (136, 47) size=(85x64)
  Delta: dx=-44, dy=-158

============================================================
Frame 18 @ 17:38:39.985
============================================================

[PC Model] 3 detections:
  PC[0]: x=180, y=209, w=36, h=37, score=99.41%
  PC[1]: x=178, y=207, w=37, h=36, score=92.84%
  PC[2]: x=180, y=209, w=36, h=37, score=92.84%

[Board FW] 2 detections:
  FW[0]: x=55, y=61, w=99, h=74, score=50.00%
  FW[1]: x=77, y=39, w=114, h=85, score=50.00%

[Compare] Top detection:
  PC: (180, 209) size=(36x37)
  FW: (55, 61) size=(99x74)
  Delta: dx=-125, dy=-148

============================================================
Frame 19 @ 17:38:40.925
============================================================

[PC Model] 3 detections:
  PC[0]: x=169, y=204, w=34, h=34, score=92.84%
  PC[1]: x=170, y=205, w=33, h=33, score=92.84%
  PC[2]: x=171, y=208, w=33, h=33, score=92.84%

[Board FW] 2 detections:
  FW[0]: x=157, y=59, w=99, h=74, score=50.00%
  FW[1]: x=65, y=26, w=142, h=106, score=50.00%

[Compare] Top detection:
  PC: (169, 204) size=(34x34)
  FW: (157, 59) size=(99x74)
  Delta: dx=-12, dy=-145

============================================================
Frame 20 @ 17:38:41.447
============================================================

[PC Model] 2 detections:
  PC[0]: x=164, y=206, w=34, h=34, score=92.84%
  PC[1]: x=164, y=209, w=34, h=34, score=92.84%

[Board FW] 1 detections:
  FW[0]: x=0, y=0, w=199, h=149, score=50.00%

[Compare] Top detection:
  PC: (164, 206) size=(34x34)
  FW: (0, 0) size=(199x149)
  Delta: dx=-164, dy=-206

============================================================
Frame 21 @ 17:38:42.352
============================================================

[PC Model] 3 detections:
  PC[0]: x=158, y=207, w=34, h=34, score=92.84%
  PC[1]: x=157, y=208, w=36, h=35, score=92.84%
  PC[2]: x=157, y=208, w=36, h=37, score=92.84%

[Board FW] 2 detections:
  FW[0]: x=96, y=57, w=99, h=74, score=50.00%
  FW[1]: x=136, y=74, w=71, h=53, score=92.00%

[Compare] Top detection:
  PC: (158, 207) size=(34x34)
  FW: (96, 57) size=(99x74)
  Delta: dx=-62, dy=-150

============================================================
Frame 22 @ 17:38:43.238
============================================================

[PC Model] 3 detections:
  PC[0]: x=150, y=209, w=33, h=33, score=99.41%
  PC[1]: x=150, y=206, w=33, h=33, score=92.84%
  PC[2]: x=150, y=208, w=33, h=33, score=92.84%

[Board FW] 2 detections:
  FW[0]: x=93, y=26, w=114, h=85, score=50.00%
  FW[1]: x=79, y=60, w=85, h=64, score=92.00%

[Compare] Top detection:
  PC: (150, 209) size=(33x33)
  FW: (93, 26) size=(114x85)
  Delta: dx=-57, dy=-183
