
============================================================
Frame 1 @ 17:07:46.380
============================================================

[PC Model] 2 detections:
  PC[0]: x=157, y=70, w=36, h=36, score=92.84%
  PC[1]: x=155, y=70, w=38, h=38, score=92.84%

[Board FW] 2 detections:
  FW[0]: x=69, y=116, w=85, h=64, score=92.00%
  FW[1]: x=116, y=116, w=85, h=64, score=92.00%

[Compare] Top detection:
  PC: (157, 70) size=(36x36)
  FW: (69, 116) size=(85x64)
  Delta: dx=-88, dy=46

============================================================
Frame 5 @ 17:07:51.453
============================================================

[PC Model] 1 detections:
  PC[0]: x=102, y=181, w=33, h=33, score=92.84%

[Board FW] 2 detections:
  FW[0]: x=30, y=25, w=85, h=64, score=92.00%
  FW[1]: x=70, y=19, w=99, h=74, score=92.00%

[Compare] Top detection:
  PC: (102, 181) size=(33x33)
  FW: (30, 25) size=(85x64)
  Delta: dx=-72, dy=-156

============================================================
Frame 9 @ 17:07:55.418
============================================================

[PC Model] 3 detections:
  PC[0]: x=148, y=20, w=40, h=40, score=92.84%
  PC[1]: x=147, y=24, w=40, h=39, score=92.84%
  PC[2]: x=148, y=24, w=40, h=39, score=92.84%

[Board FW] 1 detections:
  FW[0]: x=99, y=68, w=99, h=74, score=92.00%

[Compare] Top detection:
  PC: (148, 20) size=(40x40)
  FW: (99, 68) size=(99x74)
  Delta: dx=-49, dy=48

============================================================
Frame 10 @ 17:07:56.171
============================================================

[PC Model] 1 detections:
  PC[0]: x=158, y=26, w=38, h=37, score=92.84%

[Board FW] 1 detections:
  FW[0]: x=209, y=40, w=85, h=64, score=92.00%

[Compare] Top detection:
  PC: (158, 26) size=(38x37)
  FW: (209, 40) size=(85x64)
  Delta: dx=51, dy=14

============================================================
Frame 11 @ 17:07:57.176
============================================================

[PC Model] 0 detections:

[Board FW] 1 detections:
  FW[0]: x=0, y=0, w=320, h=240, score=92.00%

============================================================
Frame 12 @ 17:07:58.423
============================================================

[PC Model] 3 detections:
  PC[0]: x=174, y=49, w=40, h=40, score=99.41%
  PC[1]: x=174, y=44, w=40, h=40, score=92.84%
  PC[2]: x=177, y=44, w=42, h=42, score=92.84%

[Board FW] 1 detections:
  FW[0]: x=0, y=0, w=320, h=240, score=92.00%

[Compare] Top detection:
  PC: (174, 49) size=(40x40)
  FW: (0, 0) size=(320x240)
  Delta: dx=-174, dy=-49

============================================================
Frame 13 @ 17:07:59.332
============================================================

[PC Model] 3 detections:
  PC[0]: x=173, y=62, w=34, h=34, score=99.41%
  PC[1]: x=174, y=63, w=32, h=32, score=99.41%
  PC[2]: x=172, y=58, w=35, h=35, score=92.84%

[Board FW] 2 detections:
  FW[0]: x=135, y=127, w=71, h=53, score=92.00%
  FW[1]: x=196, y=117, w=71, h=53, score=92.00%

[Compare] Top detection:
  PC: (173, 62) size=(34x34)
  FW: (135, 127) size=(71x53)
  Delta: dx=-38, dy=65

============================================================
Frame 14 @ 17:08:00.207
============================================================

[PC Model] 3 detections:
  PC[0]: x=173, y=60, w=36, h=35, score=99.41%
  PC[1]: x=174, y=61, w=34, h=34, score=99.41%
  PC[2]: x=172, y=54, w=38, h=38, score=92.84%

[Board FW] 2 detections:
  FW[0]: x=22, y=110, w=71, h=53, score=92.00%
  FW[1]: x=83, y=100, w=99, h=74, score=92.00%

[Compare] Top detection:
  PC: (173, 60) size=(36x35)
  FW: (22, 110) size=(71x53)
  Delta: dx=-151, dy=50

============================================================
Frame 15 @ 17:08:01.330
============================================================

[PC Model] 3 detections:
  PC[0]: x=177, y=69, w=34, h=34, score=99.41%
  PC[1]: x=178, y=69, w=33, h=33, score=99.41%
  PC[2]: x=177, y=69, w=34, h=34, score=99.41%

[Board FW] 2 detections:
  FW[0]: x=92, y=95, w=99, h=74, score=92.00%
  FW[1]: x=153, y=95, w=99, h=74, score=92.00%

[Compare] Top detection:
  PC: (177, 69) size=(34x34)
  FW: (92, 95) size=(99x74)
  Delta: dx=-85, dy=26

============================================================
Frame 16 @ 17:08:02.356
============================================================

[PC Model] 3 detections:
  PC[0]: x=177, y=68, w=32, h=31, score=99.41%
  PC[1]: x=176, y=68, w=33, h=33, score=99.41%
  PC[2]: x=175, y=64, w=34, h=34, score=92.84%

[Board FW] 1 detections:
  FW[0]: x=0, y=0, w=320, h=240, score=92.00%

[Compare] Top detection:
  PC: (177, 68) size=(32x31)
  FW: (0, 0) size=(320x240)
  Delta: dx=-177, dy=-68

============================================================
Frame 17 @ 17:08:03.107
============================================================

[PC Model] 3 detections:
  PC[0]: x=167, y=56, w=34, h=34, score=99.41%
  PC[1]: x=164, y=53, w=38, h=38, score=92.84%
  PC[2]: x=168, y=56, w=35, h=35, score=92.84%

[Board FW] 1 detections:
  FW[0]: x=106, y=101, w=99, h=74, score=92.00%

[Compare] Top detection:
  PC: (167, 56) size=(34x34)
  FW: (106, 101) size=(99x74)
  Delta: dx=-61, dy=45

============================================================
Frame 18 @ 17:08:04.026
============================================================

[PC Model] 2 detections:
  PC[0]: x=161, y=58, w=28, h=28, score=92.84%
  PC[1]: x=163, y=61, w=26, h=26, score=92.84%

[Board FW] 2 detections:
  FW[0]: x=75, y=94, w=85, h=64, score=92.00%
  FW[1]: x=150, y=105, w=85, h=64, score=92.00%

[Compare] Top detection:
  PC: (161, 58) size=(28x28)
  FW: (75, 94) size=(85x64)
  Delta: dx=-86, dy=36

============================================================
Frame 20 @ 17:08:06.147
============================================================

[PC Model] 3 detections:
  PC[0]: x=176, y=26, w=39, h=39, score=99.41%
  PC[1]: x=174, y=27, w=38, h=38, score=92.84%
  PC[2]: x=177, y=29, w=37, h=36, score=92.84%

[Board FW] 2 detections:
  FW[0]: x=126, y=126, w=57, h=42, score=92.00%
  FW[1]: x=196, y=53, w=71, h=53, score=92.00%

[Compare] Top detection:
  PC: (176, 26) size=(39x39)
  FW: (126, 126) size=(57x42)
  Delta: dx=-50, dy=100

============================================================
Frame 21 @ 17:08:07.012
============================================================

[PC Model] 1 detections:
  PC[0]: x=183, y=53, w=41, h=41, score=92.84%

[Board FW] 2 detections:
  FW[0]: x=153, y=67, w=71, h=53, score=92.00%
  FW[1]: x=43, y=137, w=85, h=64, score=99.00%

[Compare] Top detection:
  PC: (183, 53) size=(41x41)
  FW: (153, 67) size=(71x53)
  Delta: dx=-30, dy=14

============================================================
Frame 22 @ 17:08:08.475
============================================================

[PC Model] 3 detections:
  PC[0]: x=165, y=117, w=50, h=50, score=92.84%
  PC[1]: x=168, y=116, w=50, h=50, score=92.84%
  PC[2]: x=161, y=120, w=46, h=46, score=92.84%

[Board FW] 1 detections:
  FW[0]: x=117, y=55, w=85, h=64, score=92.00%

[Compare] Top detection:
  PC: (165, 117) size=(50x50)
  FW: (117, 55) size=(85x64)
  Delta: dx=-48, dy=-62

============================================================
Frame 23 @ 17:08:09.480
============================================================

[PC Model] 3 detections:
  PC[0]: x=150, y=126, w=60, h=60, score=100.00%
  PC[1]: x=153, y=124, w=61, h=62, score=100.00%
  PC[2]: x=156, y=130, w=51, h=51, score=99.41%

[Board FW] 1 detections:
  FW[0]: x=2, y=97, w=99, h=74, score=92.00%

[Compare] Top detection:
  PC: (150, 126) size=(60x60)
  FW: (2, 97) size=(99x74)
  Delta: dx=-148, dy=-29

============================================================
Frame 24 @ 17:08:10.475
============================================================

[PC Model] 3 detections:
  PC[0]: x=122, y=116, w=62, h=61, score=92.84%
  PC[1]: x=128, y=118, w=58, h=59, score=92.84%
  PC[2]: x=134, y=122, w=52, h=51, score=92.84%

[Board FW] 1 detections:
  FW[0]: x=92, y=76, w=85, h=64, score=92.00%

[Compare] Top detection:
  PC: (122, 116) size=(62x61)
  FW: (92, 76) size=(85x64)
  Delta: dx=-30, dy=-40

============================================================
Frame 25 @ 17:08:11.479
============================================================

[PC Model] 3 detections:
  PC[0]: x=129, y=119, w=55, h=55, score=99.41%
  PC[1]: x=127, y=116, w=57, h=57, score=92.84%
  PC[2]: x=123, y=117, w=58, h=58, score=92.84%

[Board FW] 1 detections:
  FW[0]: x=0, y=0, w=320, h=240, score=99.00%

[Compare] Top detection:
  PC: (129, 119) size=(55x55)
  FW: (0, 0) size=(320x240)
  Delta: dx=-129, dy=-119

============================================================
Frame 26 @ 17:08:12.398
============================================================

[PC Model] 3 detections:
  PC[0]: x=126, y=115, w=62, h=62, score=99.95%
  PC[1]: x=129, y=118, w=55, h=55, score=99.41%
  PC[2]: x=128, y=115, w=63, h=64, score=99.41%

[Board FW] 2 detections:
  FW[0]: x=85, y=32, w=114, h=85, score=92.00%
  FW[1]: x=160, y=54, w=114, h=85, score=92.00%

[Compare] Top detection:
  PC: (126, 115) size=(62x62)
  FW: (85, 32) size=(114x85)
  Delta: dx=-41, dy=-83

============================================================
Frame 27 @ 17:08:14.160
============================================================

[PC Model] 3 detections:
  PC[0]: x=135, y=113, w=58, h=58, score=100.00%
  PC[1]: x=133, y=116, w=50, h=50, score=99.41%
  PC[2]: x=134, y=115, w=52, h=51, score=99.41%

[Board FW] 1 detections:
  FW[0]: x=146, y=87, w=85, h=64, score=92.00%

[Compare] Top detection:
  PC: (135, 113) size=(58x58)
  FW: (146, 87) size=(85x64)
  Delta: dx=11, dy=-26
