Tensor Compare - 2025-12-23 20:16:12.313706
============================================================

[FW] [RAW_TENSOR] Frame 1
[FW] [RAW_TENSOR] boxes_type=F32 scores_type=F32
[FW] [RAW_TENSOR] Top 5 scores:
[FW] [RAW_TENSOR] pre_nms=0 post_nms=0
[FW] [RAW_TENSOR] Frame 2
[FW] [RAW_TENSOR] boxes_type=F32 scores_type=F32
[FW] [RAW_TENSOR] Top 5 scores:
[FW] [RAW_TENSOR] pre_nms=32 post_nms=3
[FW] [RAW_TENSOR] Frame 3
[FW] [RAW_TENSOR] boxes_type=F32 scores_type=F32
[FW] [RAW_TENSOR] Top 5 scores:
[FW] [RAW_TENSOR] pre_nms=0 post_nms=0
[FW] [RAW_TENSOR] Frame 4
[FW] [RAW_TENSOR] boxes_type=F32 scores_type=F32
[FW] [RAW_TENSOR] Top 5 scores:
[FW] [RAW_TENSOR] pre_nms=32 post_nms=5
[FW] [RAW_TENSOR] Frame 5
[FW] [RAW_TENSOR] boxes_type=F32 scores_type=F32
[FW] [RAW_TENSOR] Top 5 scores:
[FW] [RAW_TENSOR] pre_nms=1 post_nms=1
[FW] [RAW_TENSOR] Frame 6
[FW] [RAW_TENSOR] boxes_type=F32 scores_type=F32
[FW] [RAW_TENSOR] Top 5 scores:
[FW] [RAW_TENSOR] pre_nms=0 post_nms=0
[FW] [RAW_TENSOR] Frame 7
[FW] [RAW_TENSOR] boxes_type=F32 scores_type=F32
[FW] [RAW_TENSOR] Top 5 scores:
[FW] [RAW_TENSOR] pre_nms=32 post_nms=5
[FW] [RAW_TENSOR] Frame 8
[FW] [RAW_TENSOR] boxes_type=F32 scores_type=F32
[FW] [RAW_TENSOR] Top 5 scores:
[FW] [RAW_TENSOR] pre_nms=0 post_nms=0
[FW] [RAW_TENSOR] Frame 9
[FW] [RAW_TENSOR] boxes_type=F32 scores_type=F32
[FW] [RAW_TENSOR] Top 5 scores:
[FW] [RAW_TENSOR] pre_nms=32 post_nms=4
[FW] [RAW_TENSOR] Frame 10
[FW] [RAW_TENSOR] boxes_type=F32 scores_type=F32
[FW] [RAW_TENSOR] Top 5 scores:
[FW] [RAW_TENSOR] pre_nms=1 post_nms=1
[FW] [RAW_TENSOR] Frame 11
[FW] [RAW_TENSOR] boxes_type=F32 scores_type=F32
[FW] [RAW_TENSOR] Top 5 scores:
[FW] [RAW_TENSOR] pre_nms=0 post_nms=0
[FW] [RAW_TENSOR] Frame 12
[FW] [RAW_TENSOR] boxes_type=F32 scores_type=F32
[FW] [RAW_TENSOR] Top 5 scores:
[FW] [RAW_TENSOR] pre_nms=32 post_nms=5
[FW] [RAW_TENSOR] Frame 13
[FW] [RAW_TENSOR] boxes_type=F32 scores_type=F32
[FW] [RAW_TENSOR] Top 5 scores:
[FW] [RAW_TENSOR] pre_nms=1 post_nms=1
[FW] [RAW_TENSOR] Frame 14
[FW] [RAW_TENSOR] boxes_type=F32 scores_type=F32
[FW] [RAW_TENSOR] Top 5 scores:
[FW] [RAW_TENSOR] pre_nms=0 post_nms=0
[FW] [RAW_TENSOR] Frame 15
[FW] [RAW_TENSOR] boxes_type=F32 scores_type=F32
[FW] [RAW_TENSOR] Top 5 scores:
[FW] [RAW_TENSOR] pre_nms=32 post_nms=4
[FW] [RAW_TENSOR] Frame 16
[FW] [RAW_TENSOR] boxes_type=F32 scores_type=F32
[FW] [RAW_TENSOR] Top 5 scores:
[FW] [RAW_TENSOR] pre_nms=0 post_nms=0
[FW] [RAW_TENSOR] Frame 17
[FW] [RAW_TENSOR] boxes_type=F32 scores_type=F32
[FW] [RAW_TENSOR] Top 5 scores:
[FW] [RAW_TENSOR] pre_nms=32 post_nms=5
